As part of this release we had [1 issue](https://github.com/gep13/FakeRepository/issues?q=milestone%3A1.2.3?closed=1) closed.

__Bug__

- [__#1__](http://example.com/1) Issue 1
