## 0.1.0


As part of this release we had [3 issues](https://github.com/FakeRepository/issues/issues?milestone=0&state=closed) closed.


__Bug__

- [__#1__](http://example.com/1) Issue 1

__Feature__

- [__#2__](http://example.com/2) Issue 2

__Improvement__

- [__#3__](http://example.com/3) Issue 3

