As part of this release we had [1 commit](https://github.com/TestUser/FakeRepository/commits/1.2.3) which resulted in [3 issues](https://github.com/gep13/FakeRepository/issues?q=milestone%3A1.2.3?closed=1) being closed.

__Bug__

- [__#1__](http://example.com/1) Issue 1

__Feature__

- [__#2__](http://example.com/2) Issue 2

__Improvement__

- [__#3__](http://example.com/3) Issue 3
