As part of this release we had [1 commit](https://github.com/TestUser/FakeRepository/commits/1.2.3).
